# 第二十章 管理事务处理

事务可以保证成批的SQL操作要么完全执行，要么完全不执行。

#### 几个术语解释

- 事务：指一组SQL语句
- 回退：指撤销指定SQL语句的过程
- 提交：指将为存储的SQL语句结果写入数据库表
- 保留点：指事务处理中设置的临时占位符，可以对它发布回退

不能回退select语句，因为没必要；也不能回退create或drop操作。

#### 一个完整的事务例子，使用MySQL

今天在编写程序的时候进行了回滚操作，程序运行正常，但是数据库并没有进行回滚操作。百度后发现自己创建的表类型是MyISAM,不支持事务操作，后改为InnoDB即能进行回滚操作。下面简单介绍两种数据表类型以及更改数据库类型为InnoDB的操作。

#### MySql支持的数据引擎

- MyISAM：默认的MySQL插件式存储引擎，它是在Web、数据仓储和其他应用环境下最常使用的存储引擎之一。

- InnoDB：用于事务处理应用程序，具有众多特性，包括ACID事务支持。

- BDB：可替代InnoDB的事务引擎，支持COMMIT、ROLLBACK和其他事务特性。

- Memory：将所有数据保存在RAM中，在需要快速查找引用和其他类似数据的环境下，可提供极快的访问。

- Merge：允许MySQL DBA或开发人员将一系列等同的MyISAM表以逻辑方式组合在一起，并作为1个对象引用它们。对于诸如数据仓储等VLDB环境十分适合。

- Archive：为大量很少引用的历史、归档、或安全审计信息的存储和检索提供了完美的解决方案。

- Federated：能够将多个分离的MySQL服务器链接起来，从多个物理服务器创建一个逻辑数据库。十分适合于分布式环境或数据集市环境。

- Cluster/NDB：MySQL的簇式数据库引擎，尤其适合于具有高性能查找要求的应用程序，这类查找需求还要求具有最高的正常工作时间和可用性。

- Other：其他存储引擎包括CSV(引用由逗号隔开的用作数据库表的文件)，Blackhole(用于临时禁止对数据库的应用程序输入)，以及Example引擎(可为快速创建定制的插件式存储引擎提供帮助)。



#### MyISAM引擎和InnoDB引擎的基本差别

**MyISAM类型不支持事务处理等高级处理，而InnoDB类型支持。**
MyISAM类型的表强调的是性能，其执行数度比InnoDB类型更快，但是不提供事务支持，而InnoDB提供事务支持已经外部键等高级数据库功能。
MyIASM是IASM表的新版本，有如下扩展：二进制层次的可移植性、NULL列索引、对变长行比ISAM表有更少的碎片、支持大文件、更好的索引压缩等
**InnoDB不支持FULLTEXT类型的索引**
InnoDB 中不保存表的具体行数
对于AUTO_INCREMENT类型的字段，InnoDB中必须包含只有该字段的索引，但是在MyISAM表中，可以和其他字段一起建立联合索引
DELETE FROM table时，InnoDB不会重新建立表，而是一行一行的删除
**MyISAM:**这个是默认类型,它是基于传统的ISAM类型,ISAM是Indexed Sequential Access Method (有索引的 顺序访问方法) 的缩写,它是存储记录和文件的标准方法.与其他存储引擎比较,MyISAM具有检查和修复表格的大多数工具. MyISAM表格可以被压缩,而且它们支持全文搜索.它们不是事务安全的,而且也不支持外键。如果事物回滚将造成不完全回滚，不具有原子性。如果执行大量 的SELECT，MyISAM是更好的选择。 

**InnoDB:**这种类型是事务安全的.它与BDB类型具有相同的特性,它们还支持外键.InnoDB表格速度很快.具有比BDB还丰富的特性,因此如果需要一个事务安全的存储引擎,建议使用它.如果你的数据执行大量的INSERT或UPDATE,出于性能方面的考虑，应该使用InnoDB表



# 第二十一章 使用游标

结果集：SQL查询所检索出的结果。

select语句返回一组成为结果集的行。

有时候需要知道检索出来的行的前一行或后一行时就需要使用游标。

游标不是一条select语句，而是被该语句检索出来的结果集。在存储了游标之后，应用程序可以根据需求滚动或浏览其中的数据。1178740



# 第二十二章 了解高级SQL特性

#### 外键

外键是表中的一个列，其值必须在另一表的主键中列出。外键是保证引用完整性的一个极重要的成分。

可以在创建表时指定外键，也可以使用alter table 时添加外键：

```mysql
mysql> alter table customers add constraint foreign key (cust_id) references customers(cust_id);
Query OK, 8 rows affected (0.06 sec)
Records: 8  Duplicates: 0  Warnings: 0
```

这里使用了constraint语法，表示cust_id的任何值都必须是customers表的cust_id中的值。



#### 唯一约束

用来保证一个列或一组列中的数据唯一。虽然类似于主键，但还是有一些区别的：

- 表可以包含多个唯一约束，但只能允许一个主键
- 唯一约束允许包含NULL值
- 唯一约束可修改或更新
- 唯一约束列的值可以重复使用
- 唯一约束不能用来定义外键

唯一约束使用unique关键字在表定义中定义，也可以单独使用constraint定义。

#### 约束检查

在数据类型的基础上进一步进行限制。若插入的数据不能通过这个约束检查，就会报错。

#### mysql中check约束无效



今天在mysql中尝试使用check约束时，才知道在MySQL中CHECK约束是无效的，例如下面一段代码，在创建表testt时添加了CHECK约束，要求tq字段的值大于零，随后向tq字段插入-1，这明显违反CHECK约束，但这段代码在MySQL中却可以执行成功。



```mysql
mysql> create table testt(
    -> tnum integer not null,
    -> tid integer not null,
    -> tq integer not null check (tq>0));
Query OK, 0 rows affected (0.05 sec)

mysql> insert testt(tnum, tid, tq) values(22,33,-1);
Query OK, 1 row affected (0.03 sec)

mysql> select * from testt
    -> ;
+------+-----+----+
| tnum | tid | tq |
+------+-----+----+
|   22 |  33 | -1 |
+------+-----+----+
1 row in set (0.00 sec)
```

经过搜索知道在MYSQL中，CHECK只是一段可调用但无意义的子句。MySQL会直接忽略。

**CHECK子句会被分析，但是会被忽略。** 

请参见“CREATE TABLE语法”：接受这些子句但又忽略子句的原因是为了提高兼容性，以便更容易地从其它SQL服务器中导入代码，并运行应用程序，创建带参考数据的表。

**解决这个问题有两种方式。**

1. 如果需要设置CHECK约束的字段值离散的，并且能很容易列举全部可能值，就可以考虑将该字段的类型设置为枚举类型enum()或集合类型set()。比如性别字段可以这样设置，插入枚举值以外值的操作将不被允许：

   ```mysql
   mysql> create table test2(
       -> gender enum('man', 'woman'));
   Query OK, 0 rows affected (0.05 sec)
   
   mysql> insert test2(gender) values('233');
   ERROR 1265 (01000): Data truncated for column 'gender' at row 1
   mysql> insert test2(gender) values('man');
   Query OK, 1 row affected (0.00 sec)
   
   mysql> select * from test2;
   +--------+
   | gender |
   +--------+
   | man    |
   +--------+
   1 row in set (0.00 sec)
   
   ```

不过enum()类型和set()类型之间还有些小区别，[官方文档](http://dev.mysql.com/doc/refman/5.0/en/constraint-enum.html)上有说明。

 

2. 如果需要设置CHECK约束的字段是连续的，或者列举全部值很困难，比如正实数或正整数，那就只能用触发器（下面会讲）来代替约束实现数据有效性了。下面这段代码创建了一个叫做TestField1_BeforeInsert的约束器，它将保证新插入的数据中field1字段的值不小于零。

   ```mysql
   DELIMITER $$         
   CREATE TRIGGER TestField1_BeforeInsert BEFORE INSERT ON table1  
   FOR EACH ROW  
   BEGIN  
   	IF NEW.field1 < 0 THEN  
   	SET NEW.field1 = 0;  
   END IF;  
   END$$ 
   
   ```

   

### 索引

索引用来排序数据以加快搜索和排序速度。



索引使用create index语句创建。

```mysql
mysql> create index prod_name_ind on products(prod_name);
Query OK, 9 rows affected (0.18 sec)
Records: 9  Duplicates: 0  Warnings: 0
```



### 触发器

触发器是特殊的存储过程，它在特定的数据库活动发生时自动执行。

触发器与单个的表相关联。触发器可以与特定表上的insert、update和delete操作相关联。

#### 触发器访问权

- insert操作中的所有新数据
- update操作中的所有新数据和旧数据
- delete操作汇中删除的数据

#### 一些用途

- 保证数据一致性
- 基于某个表的变动在其他表上执行活动
- 进行额外的验证并根据需要回退数据
- 计算计算列的值或更新时间戳

#### 创建以及使用触发器

```mysql
mysql> delimiter $$
mysql> create trigger tqfiledbeforeinsert before insert on testt for each row
    -> begin
    -> if new.tq < 0 then
    -> set new.tq = 0;
    -> end if;
    -> end$$
Query OK, 0 rows affected (0.20 sec)

mysql> delimiter ;
mysql> select * from testt;
+------+-----+-----+
| tnum | tid | tq  |
+------+-----+-----+
|   22 |  33 |  -1 |
|   22 |  33 | -10 |
+------+-----+-----+
2 rows in set (0.03 sec)

mysql> insert testt(tnum, tid, tq) values(34,34,-10);
Query OK, 1 row affected (0.05 sec)

mysql> select * from testt;
+------+-----+-----+
| tnum | tid | tq  |
+------+-----+-----+
|   22 |  33 |  -1 |
|   22 |  33 | -10 |
|   34 |  34 |   0 |
+------+-----+-----+
3 rows in set (0.00 sec)
```

如代码所示，触发器使用trigger 关键字 on表名要指明是在操作之前还是之后用before或after。

